-- west build: making build dir /home/rohin/zephyr-cheri-lab/CHERI-zephyr/projects/project_6_image_renderer/build pristine
-- west build: generating a build system
CMake Error: The current CMakeCache.txt directory /home/rohin/zephyr-cheri-lab/CHERI-zephyr/projects/project_6_image_renderer/build/CMakeCache.txt is different than the directory /home/rohin/zephyr-cheri-lab/CHERI-zephyr/projects/project_6_rasteriser_image/build where CMakeCache.txt was created. This may result in binaries being created in the wrong place. If you are not sure, reedit the CMakeCache.txt
CMake Error: The source "/home/rohin/zephyr-cheri-lab/CHERI-zephyr/projects/project_6_image_renderer/CMakeLists.txt" does not match the source "/home/rohin/zephyr-cheri-lab/CHERI-zephyr/projects/project_6_rasteriser_image/CMakeLists.txt" used to generate cache.  Re-run cmake with a different source directory.
FATAL ERROR: command exited with status 1: /usr/bin/cmake -DWEST_PYTHON=/home/rohin/zephyr-cheri-lab/.venv/bin/python3 -B/home/rohin/zephyr-cheri-lab/CHERI-zephyr/projects/project_6_image_renderer/build -GNinja -DBOARD=native_sim/native/64 -S/home/rohin/zephyr-cheri-lab/CHERI-zephyr/projects/project_6_image_renderer
